  Determining projects to restore...
  All projects are up-to-date for restore.
  Database -> /home/sathindu/Documents/SLIIT/Year 3/Semester 1/CSP/assignment/project/RestroPlate/Database/bin/Debug/net10.0/Database.dll
  Models -> /home/sathindu/Documents/SLIIT/Year 3/Semester 1/CSP/assignment/project/RestroPlate/Models/bin/Debug/net10.0/Models.dll
  Services -> /home/sathindu/Documents/SLIIT/Year 3/Semester 1/CSP/assignment/project/RestroPlate/Services/bin/Debug/net10.0/Services.dll
  Repository -> /home/sathindu/Documents/SLIIT/Year 3/Semester 1/CSP/assignment/project/RestroPlate/Repository/bin/Debug/net10.0/Repository.dll
  Tests -> /home/sathindu/Documents/SLIIT/Year 3/Semester 1/CSP/assignment/project/RestroPlate/Tests/bin/Debug/net10.0/Tests.dll
  Controllers -> /home/sathindu/Documents/SLIIT/Year 3/Semester 1/CSP/assignment/project/RestroPlate/Controllers/bin/Debug/net10.0/Controllers.dll

Build succeeded.
    0 Warning(s)
    0 Error(s)

Time Elapsed 00:00:06.19
