  Determining projects to restore...
  All projects are up-to-date for restore.
  Models -> C:\SLIIT UNI\3rd year 1st sem\CSP lec\restoplate\RestroPlate-Backend\Models\bin\Debug\net10.0\Models.dll
  Database -> C:\SLIIT UNI\3rd year 1st sem\CSP lec\restoplate\RestroPlate-Backend\Database\bin\Debug\net10.0\Database.dll
C:\SLIIT UNI\3rd year 1st sem\CSP lec\restoplate\RestroPlate-Backend\Repository\Database\ConnectionFactory.cs(15,33): warning CS8601: Possible null reference assignment. [C:\SLIIT UNI\3rd year 1st sem\CSP lec\restoplate\RestroPlate-Backend\Repository\Repository.csproj]
C:\SLIIT UNI\3rd year 1st sem\CSP lec\restoplate\RestroPlate-Backend\Repository\Database\ConnectionFactory.cs(12,16): warning CS8618: Non-nullable field '_connectionString' must contain a non-null value when exiting constructor. Consider adding the 'required' modifier or declaring the field as nullable. [C:\SLIIT UNI\3rd year 1st sem\CSP lec\restoplate\RestroPlate-Backend\Repository\Repository.csproj]
C:\SLIIT UNI\3rd year 1st sem\CSP lec\restoplate\RestroPlate-Backend\Repository\DonationRequestRepository.cs(20,30): error CS1061: 'IDbConnection' does not contain a definition for 'OpenAsync' and no accessible extension method 'OpenAsync' accepting a first argument of type 'IDbConnection' could be found (are you missing a using directive or an assembly reference?) [C:\SLIIT UNI\3rd year 1st sem\CSP lec\restoplate\RestroPlate-Backend\Repository\Repository.csproj]
C:\SLIIT UNI\3rd year 1st sem\CSP lec\restoplate\RestroPlate-Backend\Repository\DonationRequestRepository.cs(74,30): error CS1061: 'IDbConnection' does not contain a definition for 'OpenAsync' and no accessible extension method 'OpenAsync' accepting a first argument of type 'IDbConnection' could be found (are you missing a using directive or an assembly reference?) [C:\SLIIT UNI\3rd year 1st sem\CSP lec\restoplate\RestroPlate-Backend\Repository\Repository.csproj]
C:\SLIIT UNI\3rd year 1st sem\CSP lec\restoplate\RestroPlate-Backend\Repository\DonationRequestRepository.cs(104,30): error CS1061: 'IDbConnection' does not contain a definition for 'OpenAsync' and no accessible extension method 'OpenAsync' accepting a first argument of type 'IDbConnection' could be found (are you missing a using directive or an assembly reference?) [C:\SLIIT UNI\3rd year 1st sem\CSP lec\restoplate\RestroPlate-Backend\Repository\Repository.csproj]
C:\SLIIT UNI\3rd year 1st sem\CSP lec\restoplate\RestroPlate-Backend\Repository\DonationRequestRepository.cs(133,30): error CS1061: 'IDbConnection' does not contain a definition for 'OpenAsync' and no accessible extension method 'OpenAsync' accepting a first argument of type 'IDbConnection' could be found (are you missing a using directive or an assembly reference?) [C:\SLIIT UNI\3rd year 1st sem\CSP lec\restoplate\RestroPlate-Backend\Repository\Repository.csproj]
C:\SLIIT UNI\3rd year 1st sem\CSP lec\restoplate\RestroPlate-Backend\Repository\DonationRequestRepository.cs(157,30): error CS1061: 'IDbConnection' does not contain a definition for 'OpenAsync' and no accessible extension method 'OpenAsync' accepting a first argument of type 'IDbConnection' could be found (are you missing a using directive or an assembly reference?) [C:\SLIIT UNI\3rd year 1st sem\CSP lec\restoplate\RestroPlate-Backend\Repository\Repository.csproj]
C:\SLIIT UNI\3rd year 1st sem\CSP lec\restoplate\RestroPlate-Backend\Services\DonationRequestService.cs(26,38): error CS1061: 'User' does not contain a definition for 'Role' and no accessible extension method 'Role' accepting a first argument of type 'User' could be found (are you missing a using directive or an assembly reference?) [C:\SLIIT UNI\3rd year 1st sem\CSP lec\restoplate\RestroPlate-Backend\Services\Services.csproj]

Build FAILED.

C:\SLIIT UNI\3rd year 1st sem\CSP lec\restoplate\RestroPlate-Backend\Repository\Database\ConnectionFactory.cs(15,33): warning CS8601: Possible null reference assignment. [C:\SLIIT UNI\3rd year 1st sem\CSP lec\restoplate\RestroPlate-Backend\Repository\Repository.csproj]
C:\SLIIT UNI\3rd year 1st sem\CSP lec\restoplate\RestroPlate-Backend\Repository\Database\ConnectionFactory.cs(12,16): warning CS8618: Non-nullable field '_connectionString' must contain a non-null value when exiting constructor. Consider adding the 'required' modifier or declaring the field as nullable. [C:\SLIIT UNI\3rd year 1st sem\CSP lec\restoplate\RestroPlate-Backend\Repository\Repository.csproj]
C:\SLIIT UNI\3rd year 1st sem\CSP lec\restoplate\RestroPlate-Backend\Repository\DonationRequestRepository.cs(20,30): error CS1061: 'IDbConnection' does not contain a definition for 'OpenAsync' and no accessible extension method 'OpenAsync' accepting a first argument of type 'IDbConnection' could be found (are you missing a using directive or an assembly reference?) [C:\SLIIT UNI\3rd year 1st sem\CSP lec\restoplate\RestroPlate-Backend\Repository\Repository.csproj]
C:\SLIIT UNI\3rd year 1st sem\CSP lec\restoplate\RestroPlate-Backend\Repository\DonationRequestRepository.cs(74,30): error CS1061: 'IDbConnection' does not contain a definition for 'OpenAsync' and no accessible extension method 'OpenAsync' accepting a first argument of type 'IDbConnection' could be found (are you missing a using directive or an assembly reference?) [C:\SLIIT UNI\3rd year 1st sem\CSP lec\restoplate\RestroPlate-Backend\Repository\Repository.csproj]
C:\SLIIT UNI\3rd year 1st sem\CSP lec\restoplate\RestroPlate-Backend\Repository\DonationRequestRepository.cs(104,30): error CS1061: 'IDbConnection' does not contain a definition for 'OpenAsync' and no accessible extension method 'OpenAsync' accepting a first argument of type 'IDbConnection' could be found (are you missing a using directive or an assembly reference?) [C:\SLIIT UNI\3rd year 1st sem\CSP lec\restoplate\RestroPlate-Backend\Repository\Repository.csproj]
C:\SLIIT UNI\3rd year 1st sem\CSP lec\restoplate\RestroPlate-Backend\Repository\DonationRequestRepository.cs(133,30): error CS1061: 'IDbConnection' does not contain a definition for 'OpenAsync' and no accessible extension method 'OpenAsync' accepting a first argument of type 'IDbConnection' could be found (are you missing a using directive or an assembly reference?) [C:\SLIIT UNI\3rd year 1st sem\CSP lec\restoplate\RestroPlate-Backend\Repository\Repository.csproj]
C:\SLIIT UNI\3rd year 1st sem\CSP lec\restoplate\RestroPlate-Backend\Repository\DonationRequestRepository.cs(157,30): error CS1061: 'IDbConnection' does not contain a definition for 'OpenAsync' and no accessible extension method 'OpenAsync' accepting a first argument of type 'IDbConnection' could be found (are you missing a using directive or an assembly reference?) [C:\SLIIT UNI\3rd year 1st sem\CSP lec\restoplate\RestroPlate-Backend\Repository\Repository.csproj]
C:\SLIIT UNI\3rd year 1st sem\CSP lec\restoplate\RestroPlate-Backend\Services\DonationRequestService.cs(26,38): error CS1061: 'User' does not contain a definition for 'Role' and no accessible extension method 'Role' accepting a first argument of type 'User' could be found (are you missing a using directive or an assembly reference?) [C:\SLIIT UNI\3rd year 1st sem\CSP lec\restoplate\RestroPlate-Backend\Services\Services.csproj]
    2 Warning(s)
    6 Error(s)

Time Elapsed 00:00:01.51
