  Determining projects to restore...
  All projects are up-to-date for restore.
  Models -> /home/sathindu/Documents/SLIIT/Year 3/Semester 1/CSP/assignment/project/RestroPlate/Models/bin/Debug/net10.0/Models.dll
  Services -> /home/sathindu/Documents/SLIIT/Year 3/Semester 1/CSP/assignment/project/RestroPlate/Services/bin/Debug/net10.0/Services.dll
  Tests -> /home/sathindu/Documents/SLIIT/Year 3/Semester 1/CSP/assignment/project/RestroPlate/Tests/bin/Debug/net10.0/Tests.dll
Test run for /home/sathindu/Documents/SLIIT/Year 3/Semester 1/CSP/assignment/project/RestroPlate/Tests/bin/Debug/net10.0/Tests.dll (.NETCoreApp,Version=v10.0)
VSTest version 18.0.1 (x64)

Starting test execution, please wait...
A total of 1 test files matched the specified pattern.

Passed!  - Failed:     0, Passed:    25, Skipped:     0, Total:    25, Duration: 860 ms - Tests.dll (net10.0)
